[error] [2026-08-04T10:40:14.514Z] : uncaughtException: DeliveryLog validation failed: recordId: Cast to string failed for value "[ '4599126000000304014' ]" (type Array) at path "recordId"
ValidationError: DeliveryLog validation failed: recordId: Cast to string failed for value "[ '4599126000000304014' ]" (type Array) at path "recordId"
    at Document.invalidate (C:\extension\practice\node_modules\mongoose\lib\document.js:3475:32)
    at model.$set (C:\extension\practice\node_modules\mongoose\lib\document.js:1540:12)
    at model.$set (C:\extension\practice\node_modules\mongoose\lib\document.js:1189:16)
    at model.Document (C:\extension\practice\node_modules\mongoose\lib\document.js:181:12)
    at model.Model (C:\extension\practice\node_modules\mongoose\lib\model.js:143:12)
    at new model (C:\extension\practice\node_modules\mongoose\lib\model.js:4979:15)
    at Function.create (C:\extension\practice\node_modules\mongoose\lib\model.js:2760:16)
    at exports.sendMessage (C:\extension\practice\server\controllers\messageController.js:18:56)
    at process.processTicksAndRejections (node:internal/process/task_queues:105:5)
[error] [2026-08-04T10:47:17.928Z] : uncaughtException: DeliveryLog validation failed: recordId: Cast to string failed for value "[ '4599126000000304014' ]" (type Array) at path "recordId"
ValidationError: DeliveryLog validation failed: recordId: Cast to string failed for value "[ '4599126000000304014' ]" (type Array) at path "recordId"
    at Document.invalidate (C:\extension\practice\node_modules\mongoose\lib\document.js:3475:32)
    at model.$set (C:\extension\practice\node_modules\mongoose\lib\document.js:1540:12)
    at model.$set (C:\extension\practice\node_modules\mongoose\lib\document.js:1189:16)
    at model.Document (C:\extension\practice\node_modules\mongoose\lib\document.js:181:12)
    at model.Model (C:\extension\practice\node_modules\mongoose\lib\model.js:143:12)
    at new model (C:\extension\practice\node_modules\mongoose\lib\model.js:4979:15)
    at Function.create (C:\extension\practice\node_modules\mongoose\lib\model.js:2760:16)
    at exports.sendMessage (C:\extension\practice\server\controllers\messageController.js:21:56)
    at process.processTicksAndRejections (node:internal/process/task_queues:105:5)
